# serializer version: 1
# name: test_kpc3_ecl719_snapshot
  dict({
    'filtered_link_types': dict({
    }),
    'link_color_dict': dict({
      'potential clonal spread': tuple(
        55,
        126,
        184,
      ),
      'potential hgt': tuple(
        228,
        26,
        28,
      ),
    }),
    'main_fig_arc_arrowheads_dict': dict({
    }),
    'main_fig_arc_labels_dict': dict({
    }),
    'main_fig_arcs_dict': dict({
      'potential clonal spread': dict({
        'x': list([
          list([
            5.875,
            5.783493649053891,
            5.958333333333333,
          ]),
          list([
            5.958333333333333,
            5.783493649053891,
            6.041666666666667,
          ]),
        ]),
        'y': list([
          list([
            6.25,
            6.625,
            7.0,
          ]),
          list([
            7.0,
            7.375,
            7.75,
          ]),
        ]),
      }),
      'potential hgt': dict({
        'x': list([
          list([
            5.875,
            5.863511162150174,
            5.958333333333333,
          ]),
          list([
            5.958333333333333,
            5.863511162150174,
            6.041666666666667,
          ]),
        ]),
        'y': list([
          list([
            6.25,
            6.625,
            7.0,
          ]),
          list([
            7.0,
            7.375,
            7.75,
          ]),
        ]),
      }),
    }),
    'main_fig_height': 1296,
    'main_fig_link_arrowheads_dict': dict({
    }),
    'main_fig_link_labels_dict': dict({
    }),
    'main_fig_links_dict': dict({
      'potential clonal spread': dict({
        'x': list([
          4.0,
          8.0,
          None,
        ]),
        'y': list([
          2.0347222222222223,
          2.0347222222222223,
          None,
        ]),
      }),
      'potential hgt': dict({
        'x': list([
          1.0,
          2.0,
          None,
          4.0,
          8.0,
          None,
          6.125,
          7.0,
          None,
        ]),
        'y': list([
          1.0,
          1.0,
          None,
          2.0,
          2.0,
          None,
          5.0,
          5.0,
          None,
        ]),
      }),
    }),
    'main_fig_nodes_hovertext': list([
      'BC17A507A',
      'BC17A419A',
      'BC18A454A',
      'BC19A403A',
      'BC21A166A',
      'BC20A976A',
      'BC19A658A',
      'BC20A785A',
      'BC19A642A',
      'BC19A661A',
      'BC19A659A',
      'BC19A660A',
    ]),
    'main_fig_nodes_marker_color': list([
      '#8dd3c7',
      '#8dd3c7',
      '#8dd3c7',
      '#8dd3c7',
      '#8dd3c7',
      '#8dd3c7',
      '#8dd3c7',
      '#8dd3c7',
      '#8dd3c7',
      '#8dd3c7',
      '#8dd3c7',
      '#8dd3c7',
    ]),
    'main_fig_nodes_marker_opacity': list([
      1,
      1,
      1,
      1,
      1,
      1,
      1,
      1,
      1,
      1,
      1,
      1,
    ]),
    'main_fig_nodes_marker_symbol': list([
      'circle',
      'circle',
      'circle',
      'circle',
      'circle',
      'circle',
      'square',
      'circle',
      'circle',
      'square',
      'square',
      'square',
    ]),
    'main_fig_nodes_text': list([
      '<b>BC17A507A</b><br><b>Enterobacter cloacae</b>',
      '<b>BC17A419A</b><br><b>Enterobacter asburiae</b>',
      '<b>BC18A454A</b><br><b>Enterobacter cloacae</b>',
      '<b>BC19A403A</b><br><b>Enterobacter cloacae</b>',
      '<b>BC21A166A</b><br><b>Enterobacter cloacae</b>',
      '<b>BC20A976A</b><br><b>Enterobacter cloacae</b>',
      '<b>BC19A658A</b><br><b>Klebsiella oxytoca</b>',
      '<b>BC20A785A</b><br><b>Enterobacter cloacae</b>',
      '<b>BC19A642A</b><br><b>Enterobacter cloacae</b>',
      '<b>BC19A661A</b><br><b>Klebsiella oxytoca</b>',
      '<b>BC19A659A</b><br><b>Klebsiella oxytoca</b>',
      '<b>BC19A660A</b><br><b>Klebsiella oxytoca</b>',
    ]),
    'main_fig_nodes_textfont_color': 'black',
    'main_fig_nodes_x': list([
      2.0,
      1.0,
      3.0,
      4.0,
      9.0,
      8.0,
      5.875,
      7.0,
      5.0,
      5.958333333333333,
      6.041666666666667,
      6.125,
    ]),
    'main_fig_nodes_y': list([
      1.0,
      1.0,
      4.0,
      2.0,
      3.0,
      2.0,
      6.25,
      5.0,
      9.0,
      7.0,
      7.75,
      5.0,
    ]),
    'main_fig_primary_facet_x': list([
      0.5,
      9.5,
      None,
      0.5,
      9.5,
      None,
      0.5,
      9.5,
      None,
    ]),
    'main_fig_primary_facet_y': list([
      1.5,
      1.5,
      None,
      4.5,
      4.5,
      None,
      8.5,
      8.5,
      None,
    ]),
    'main_fig_secondary_facet_x': list([
      0.5,
      9.5,
      None,
      0.5,
      9.5,
      None,
      0.5,
      9.5,
      None,
      0.5,
      9.5,
      None,
      0.5,
      9.5,
      None,
      0.5,
      9.5,
      None,
    ]),
    'main_fig_secondary_facet_y': list([
      1.5,
      1.5,
      None,
      2.5,
      2.5,
      None,
      3.5,
      3.5,
      None,
      4.5,
      4.5,
      None,
      5.5,
      5.5,
      None,
      8.5,
      8.5,
      None,
    ]),
    'main_fig_width': 1296,
    'main_fig_xaxis_range': list([
      0.5,
      9.5,
    ]),
    'main_fig_xaxis_ticktext': list([
      '21-03-2017',
      '02-07-2017',
      '27-08-2018',
      '17-06-2019',
      '26-10-2019',
      '30-10-2019',
      '26-08-2020',
      '19-10-2020',
      '22-02-2021',
    ]),
    'main_fig_xaxis_tickvals': list([
      1,
      2,
      3,
      4,
      5,
      6,
      7,
      8,
      9,
    ]),
    'main_fig_yaxis_range': list([
      0.5,
      9.5,
    ]),
    'main_fig_yaxis_ticktext': list([
      'HA1<br>AA552<br>GTTCT; GTTCT<br>MOBF<br>IncN',
      'HA2<br>AA543<br>GTTCT; GTTCT<br>MOBH;MOBP<br>IncHI1A;IncP',
      'HA2<br>AA543<br>GTTCT; GTTCT<br>MOBH;MOBP<br>IncHI1B;IncP',
      'HA2<br>AA552<br>GTTCT; GTTCT<br>MOBF<br>IncN',
      'HA5<br>AA543<br>GTTCT; GTTCT<br>MOBH;MOBP<br>IncHI1A;IncP',
      'HA5<br>AA543<br>GTTCT; GTTCT<br>MOBH;MOBP<br>IncHI1B;IncP',
      'null<br>AA543<br>GTTCT; GTTCT<br>MOBH;MOBP<br>IncHI1B;IncP',
    ]),
    'main_fig_yaxis_tickvals': list([
      1.0,
      2.0,
      3.0,
      4.0,
      5.0,
      7.0,
      9.0,
    ]),
    'node_color_attr': list([
      'Predicted_mobility',
    ]),
    'node_color_attr_dict': dict({
      tuple(
        'conjugative',
      ): '#8dd3c7',
    }),
    'node_color_legend_fig_nodes_marker_opacity': list([
      1,
    ]),
    'node_color_legend_fig_nodes_textfont_color': list([
      'black',
    ]),
    'node_shape_legend_fig_nodes_marker_opacity': list([
      1,
      1,
    ]),
    'node_shape_legend_fig_nodes_marker_symbol': list([
      'circle',
      'square',
    ]),
    'node_shape_legend_fig_nodes_text': list([
      '<b>Clinical</b>',
      '<b>Environmental</b>',
    ]),
    'node_shape_legend_fig_nodes_textfont_color': list([
      'black',
      'black',
    ]),
    'node_shape_legend_fig_nodes_y': list([
      0,
      1,
    ]),
    'node_symbol_attr': list([
      'Surname',
    ]),
    'primary_y_axis_attributes': 'Submitter',
    'secondary_y_axes_attributes': list([
      'PrimaryID',
      'Left_flanks;Right_flanks',
      'Relaxases',
      'Incompatability_Groups',
    ]),
    'weight_filter_form_dict': dict({
      'potential clonal spread': dict({
        'options': list([
          dict({
            'label': 3,
            'value': 3,
          }),
          dict({
            'label': 5,
            'value': 5,
          }),
          dict({
            'label': 6,
            'value': 6,
          }),
        ]),
        'value': list([
          3,
          5,
          6,
        ]),
      }),
    }),
    'weight_slider_info_dict': dict({
      'potential clonal spread': dict({
        'marks': dict({
          3: dict({
            'label': 'Weight=3',
            'style': dict({
            }),
          }),
          5: dict({
            'label': '5',
            'style': dict({
              'display': 'none',
            }),
          }),
          6: dict({
            'label': '6',
            'style': dict({
            }),
          }),
        }),
        'max': 6,
        'min': 3,
        'value': list([
          3,
          6,
        ]),
      }),
    }),
    'zoomed_out_main_fig_xaxis_ticktext': list([
      2017,
      2018,
      2019,
      2020,
      2021,
    ]),
    'zoomed_out_main_fig_xaxis_tickvals': list([
      1.0,
      3.0,
      4.0,
      7.0,
      9.0,
    ]),
    'zoomed_out_main_fig_yaxis_ticktext': list([
      'HA1',
      'HA2',
      'HA5',
      'null',
    ]),
    'zoomed_out_main_fig_yaxis_tickvals': list([
      1.0,
      3.0,
      6.0,
      9.0,
    ]),
  })
# ---
